// Vitest Snapshot v1, https://vitest.dev/guide/snapshot.html

exports[`filename collision management > handles filename management deck collisions 1`] = `
{
  "ankiWeb": false,
  "deletedDecks": [],
  "deletedMedia": [],
  "dryRun": false,
  "duration": 0,
  "fixedDatabase": false,
  "namespace": "Yanki Test - ab27c9c22de22d6b",
  "synced": [
    {
      "action": "created",
      "filePath": "/test-filename-management-collision/deck a/deck a.md",
      "filePathOriginal": "/test-filename-management-collision/deck a/basic.md",
      "note": {
        "deckName": "deck a",
        "fields": {
          "Back": "<!-- This HTML was generated by Yanki, a Markdown to Anki converter. Do not edit directly. --><div class="yanki namespace-yanki-test-HASH back model-yanki-basic"><p>the back</p></div>",
          "Front": "<!-- This HTML was generated by Yanki, a Markdown to Anki converter. Do not edit directly. --><div class="yanki namespace-yanki-test-HASH front model-yanki-basic"><p>deck a</p></div>",
          "YankiNamespace": "Yanki Test - ab27c9c22de22d6b",
        },
        "modelName": "Yanki - Basic",
        "noteId": 0,
        "tags": [],
      },
    },
    {
      "action": "created",
      "filePath": "/test-filename-management-collision/deck b.md/deck b.md.md",
      "filePathOriginal": "/test-filename-management-collision/deck b.md/basic md.md",
      "note": {
        "deckName": "deck b.md",
        "fields": {
          "Back": "<!-- This HTML was generated by Yanki, a Markdown to Anki converter. Do not edit directly. --><div class="yanki namespace-yanki-test-HASH back model-yanki-basic"><p>the back</p></div>",
          "Front": "<!-- This HTML was generated by Yanki, a Markdown to Anki converter. Do not edit directly. --><div class="yanki namespace-yanki-test-HASH front model-yanki-basic"><p>deck b.md</p></div>",
          "YankiNamespace": "Yanki Test - ab27c9c22de22d6b",
        },
        "modelName": "Yanki - Basic",
        "noteId": 0,
        "tags": [],
      },
    },
    {
      "action": "created",
      "filePath": "/test-filename-management-collision/deck b.md/deck b.md",
      "filePathOriginal": "/test-filename-management-collision/deck b.md/basic.md",
      "note": {
        "deckName": "deck b.md",
        "fields": {
          "Back": "<!-- This HTML was generated by Yanki, a Markdown to Anki converter. Do not edit directly. --><div class="yanki namespace-yanki-test-HASH back model-yanki-basic"><p>the back</p></div>",
          "Front": "<!-- This HTML was generated by Yanki, a Markdown to Anki converter. Do not edit directly. --><div class="yanki namespace-yanki-test-HASH front model-yanki-basic"><p>deck b</p></div>",
          "YankiNamespace": "Yanki Test - ab27c9c22de22d6b",
        },
        "modelName": "Yanki - Basic",
        "noteId": 0,
        "tags": [],
      },
    },
  ],
}
`;
