// Vitest Snapshot v1, https://vitest.dev/guide/snapshot.html

exports[`obsidian vault > correctly resolves obsidian wiki links 1`] = `
[
  {
    "file": "/base/path/Cards/Group 1/test card.md",
    "type": "img",
    "urlOriginal": "./test image.jpg",
    "urlResolved": "/base/path/Cards/Group 1/test image.jpg",
  },
  {
    "file": "/base/path/Cards/Group 1/test card.md",
    "type": "img",
    "urlOriginal": "./test image.jpg",
    "urlResolved": "/base/path/Cards/Group 1/test image.jpg",
  },
  {
    "file": "/base/path/Cards/Group 1/test card.md",
    "type": "img",
    "urlOriginal": "./test image.jpg",
    "urlResolved": "/base/path/Cards/Group 1/test image.jpg",
  },
  {
    "file": "/base/path/Cards/Group 1/test card.md",
    "type": "img",
    "urlOriginal": "./test image.jpg",
    "urlResolved": "/base/path/Cards/Group 1/test image.jpg",
  },
  {
    "file": "/base/path/Cards/Group 1/test card.md",
    "type": "img",
    "urlOriginal": "../Group 2/test image.jpg",
    "urlResolved": "/base/path/Cards/Group 2/test image.jpg",
  },
  {
    "file": "/base/path/Cards/Group 1/test card.md",
    "type": "img",
    "urlOriginal": "../Group 2/test image.jpg",
    "urlResolved": "/base/path/Cards/Group 2/test image.jpg",
  },
  {
    "file": "/base/path/Cards/Group 1/test card.md",
    "type": "img",
    "urlOriginal": "../Group 2/test image.jpg",
    "urlResolved": "/base/path/Cards/Group 2/test image.jpg",
  },
  {
    "file": "/base/path/Cards/Group 2/test card.md",
    "type": "img",
    "urlOriginal": "./test image.jpg",
    "urlResolved": "/base/path/Cards/Group 2/test image.jpg",
  },
  {
    "file": "/base/path/Cards/Group 2/test card.md",
    "type": "img",
    "urlOriginal": "./test image.jpg",
    "urlResolved": "/base/path/Cards/Group 2/test image.jpg",
  },
  {
    "file": "/base/path/Cards/Group 2/test card.md",
    "type": "img",
    "urlOriginal": "./test image.jpg",
    "urlResolved": "/base/path/Cards/Group 2/test image.jpg",
  },
  {
    "file": "/base/path/Cards/Group 2/test card.md",
    "type": "img",
    "urlOriginal": "./test image.jpg",
    "urlResolved": "/base/path/Cards/Group 2/test image.jpg",
  },
  {
    "file": "/base/path/Cards/Group 2/test card.md",
    "type": "img",
    "urlOriginal": "../Group 1/test image.jpg",
    "urlResolved": "/base/path/Cards/Group 1/test image.jpg",
  },
  {
    "file": "/base/path/Cards/Group 2/test card.md",
    "type": "img",
    "urlOriginal": "../Group 1/test image.jpg",
    "urlResolved": "/base/path/Cards/Group 1/test image.jpg",
  },
  {
    "file": "/base/path/Cards/Group 2/test card.md",
    "type": "img",
    "urlOriginal": "../Group 1/test image.jpg",
    "urlResolved": "/base/path/Cards/Group 1/test image.jpg",
  },
  {
    "file": "/base/path/Cards/Markdown/audio.md",
    "type": "media",
    "urlOriginal": "[sound:../../Assets/yanki audio.mp3]",
    "urlResolved": "[sound:/base/path/Assets/yanki audio.mp3]",
  },
  {
    "file": "/base/path/Cards/Markdown/audio.md",
    "type": "media",
    "urlOriginal": "[sound:../../Assets/yanki audio.mp3]",
    "urlResolved": "[sound:/base/path/Assets/yanki audio.mp3]",
  },
  {
    "file": "/base/path/Cards/Markdown/audio.md",
    "type": "media",
    "urlOriginal": "[sound:../../Assets/yanki audio.mp3]",
    "urlResolved": "[sound:/base/path/Assets/yanki audio.mp3]",
  },
  {
    "file": "/base/path/Cards/Markdown/audio.md",
    "type": "media",
    "urlOriginal": "[sound:../../Assets/yanki audio.mp3]",
    "urlResolved": "[sound:/base/path/Assets/yanki audio.mp3]",
  },
  {
    "file": "/base/path/Cards/Markdown/audio.md",
    "type": "media",
    "urlOriginal": "[sound:../../Assets/yanki audio.mp3]",
    "urlResolved": "[sound:/base/path/Assets/yanki audio.mp3]",
  },
  {
    "file": "/base/path/Cards/Markdown/audio.md",
    "type": "media",
    "urlOriginal": "[sound:../../Assets/yanki audio.mp3]",
    "urlResolved": "[sound:/base/path/Assets/yanki audio.mp3]",
  },
  {
    "file": "/base/path/Cards/Markdown/audio.md",
    "type": "media",
    "urlOriginal": "[sound:../../Assets/yanki audio.mp3]",
    "urlResolved": "[sound:/base/path/Assets/yanki audio.mp3]",
  },
  {
    "file": "/base/path/Cards/Markdown/audio.md",
    "type": "media",
    "urlOriginal": "[sound:../../Assets/yanki audio.mp3]",
    "urlResolved": "[sound:/base/path/Assets/yanki audio.mp3]",
  },
  {
    "file": "/base/path/Cards/Markdown/audio.md",
    "type": "media",
    "urlOriginal": "[sound:../../Assets/yanki audio.mp3]",
    "urlResolved": "[sound:/base/path/Assets/yanki audio.mp3]",
  },
  {
    "file": "/base/path/Cards/Markdown/audio.md",
    "type": "media",
    "urlOriginal": "[sound:../../Assets/yanki audio.mp3]",
    "urlResolved": "[sound:/base/path/Assets/yanki audio.mp3]",
  },
  {
    "file": "/base/path/Cards/Markdown/audio.md",
    "type": "media",
    "urlOriginal": "[sound:../../Assets/yanki audio.mp3]",
    "urlResolved": "[sound:/base/path/Assets/yanki audio.mp3]",
  },
  {
    "file": "/base/path/Cards/Markdown/audio.md",
    "type": "media",
    "urlOriginal": "[sound:../../Assets/yanki audio.mp3]",
    "urlResolved": "[sound:/base/path/Assets/yanki audio.mp3]",
  },
  {
    "file": "/base/path/Cards/Markdown/audio.md",
    "type": "media",
    "urlOriginal": "[sound:../../Assets/yanki audio.mp3]",
    "urlResolved": "[sound:/base/path/Assets/yanki audio.mp3]",
  },
  {
    "file": "/base/path/Cards/Markdown/audio.md",
    "type": "media",
    "urlOriginal": "[sound:../../Assets/yanki audio.mp3]",
    "urlResolved": "[sound:/base/path/Assets/yanki audio.mp3]",
  },
  {
    "file": "/base/path/Cards/Markdown/audio.md",
    "type": "media",
    "urlOriginal": "[sound:../../Assets/yanki audio.mp3]",
    "urlResolved": "[sound:/base/path/Assets/yanki audio.mp3]",
  },
  {
    "file": "/base/path/Cards/Markdown/audio.md",
    "type": "media",
    "urlOriginal": "[sound:../../Assets/yanki audio.mp3]",
    "urlResolved": "[sound:/base/path/Assets/yanki audio.mp3]",
  },
  {
    "file": "/base/path/Cards/Markdown/audio.md",
    "type": "media",
    "urlOriginal": "[sound:../../Assets/yanki audio.mp3]",
    "urlResolved": "[sound:/base/path/Assets/yanki audio.mp3]",
  },
  {
    "file": "/base/path/Cards/Markdown/audio.md",
    "type": "media",
    "urlOriginal": "[sound:../../Assets/yanki audio.mp3]",
    "urlResolved": "[sound:/base/path/Assets/yanki audio.mp3]",
  },
  {
    "file": "/base/path/Cards/Markdown/audio.md",
    "type": "media",
    "urlOriginal": "[sound:../../Assets/yanki audio.mp3]",
    "urlResolved": "[sound:/base/path/Assets/yanki audio.mp3]",
  },
  {
    "file": "/base/path/Cards/Markdown/audio.md",
    "type": "media",
    "urlOriginal": "[sound:../../Assets/yanki audio.mp3]",
    "urlResolved": "[sound:/base/path/Assets/yanki audio.mp3]",
  },
  {
    "file": "/base/path/Cards/Markdown/audio.md",
    "type": "media",
    "urlOriginal": "[sound:../../Assets/yanki audio.mp3]",
    "urlResolved": "[sound:/base/path/Assets/yanki audio.mp3]",
  },
  {
    "file": "/base/path/Cards/Markdown/audio.md",
    "type": "media",
    "urlOriginal": "[sound:../../Assets/yanki audio.mp3]",
    "urlResolved": "[sound:/base/path/Assets/yanki audio.mp3]",
  },
  {
    "file": "/base/path/Cards/Markdown/audio.md",
    "type": "media",
    "urlOriginal": "[sound:../../Assets/yanki audio.mp3]",
    "urlResolved": "[sound:/base/path/Assets/yanki audio.mp3]",
  },
  {
    "file": "/base/path/Cards/Markdown/audio.md",
    "type": "media",
    "urlOriginal": "[sound:../../Assets/yanki audio.mp3]",
    "urlResolved": "[sound:/base/path/Assets/yanki audio.mp3]",
  },
  {
    "file": "/base/path/Cards/Markdown/callouts.md",
    "type": "img",
    "urlOriginal": "../../Assets/test image.jpg",
    "urlResolved": "/base/path/Assets/test image.jpg",
  },
  {
    "file": "/base/path/Cards/Markdown/embedding.md",
    "type": "img",
    "urlOriginal": "https://twitter.com/obsdmd/status/1580548874246443010",
    "urlResolved": "https://twitter.com/obsdmd/status/1580548874246443010",
  },
  {
    "file": "/base/path/Cards/Markdown/images.md",
    "type": "img",
    "urlOriginal": "../../yanki image.jpg",
    "urlResolved": "/base/path/yanki image.jpg",
  },
  {
    "file": "/base/path/Cards/Markdown/images.md",
    "type": "img",
    "urlOriginal": "../../Assets/test image.jpg",
    "urlResolved": "/base/path/Assets/test image.jpg",
  },
  {
    "file": "/base/path/Cards/Markdown/images.md",
    "type": "img",
    "urlOriginal": "../../Assets/test image.jpeg",
    "urlResolved": "/base/path/Assets/test image.jpeg",
  },
  {
    "file": "/base/path/Cards/Markdown/images.md",
    "type": "img",
    "urlOriginal": "../../Assets/test image.jpg",
    "urlResolved": "/base/path/Assets/test image.jpg",
  },
  {
    "file": "/base/path/Cards/Markdown/images.md",
    "type": "img",
    "urlOriginal": "../../Assets/test image.jpg",
    "urlResolved": "/base/path/Assets/test image.jpg",
  },
  {
    "file": "/base/path/Cards/Markdown/images.md",
    "type": "img",
    "urlOriginal": "../../Assets/test image.jpg",
    "urlResolved": "/base/path/Assets/test image.jpg",
  },
  {
    "file": "/base/path/Cards/Markdown/images.md",
    "type": "img",
    "urlOriginal": "../../Assets/test image.jpg",
    "urlResolved": "/base/path/Assets/test image.jpg",
  },
  {
    "file": "/base/path/Cards/Markdown/images.md",
    "type": "img",
    "urlOriginal": "../../Assets/test image.jpg",
    "urlResolved": "/base/path/Assets/test image.jpg",
  },
  {
    "file": "/base/path/Cards/Markdown/images.md",
    "type": "img",
    "urlOriginal": "../Group 1/test image.jpg",
    "urlResolved": "/base/path/Cards/Group 1/test image.jpg",
  },
  {
    "file": "/base/path/Cards/Markdown/images.md",
    "type": "img",
    "urlOriginal": "../Group 1/test image.jpg",
    "urlResolved": "/base/path/Cards/Group 1/test image.jpg",
  },
  {
    "file": "/base/path/Cards/Markdown/images.md",
    "type": "img",
    "urlOriginal": "../Group 1/test image.jpg",
    "urlResolved": "/base/path/Cards/Group 1/test image.jpg",
  },
  {
    "file": "/base/path/Cards/Markdown/images.md",
    "type": "img",
    "urlOriginal": "../Group 1/test image.jpg",
    "urlResolved": "/base/path/Cards/Group 1/test image.jpg",
  },
  {
    "file": "/base/path/Cards/Markdown/images.md",
    "type": "img",
    "urlOriginal": "../Group 1/test image.jpg",
    "urlResolved": "/base/path/Cards/Group 1/test image.jpg",
  },
  {
    "file": "/base/path/Cards/Markdown/images.md",
    "type": "img",
    "urlOriginal": "../Group 1/test image.jpg",
    "urlResolved": "/base/path/Cards/Group 1/test image.jpg",
  },
  {
    "file": "/base/path/Cards/Markdown/images.md",
    "type": "img",
    "urlOriginal": "../Group 2/test image.jpg",
    "urlResolved": "/base/path/Cards/Group 2/test image.jpg",
  },
  {
    "file": "/base/path/Cards/Markdown/images.md",
    "type": "img",
    "urlOriginal": "../Group 2/test image.jpg",
    "urlResolved": "/base/path/Cards/Group 2/test image.jpg",
  },
  {
    "file": "/base/path/Cards/Markdown/images.md",
    "type": "img",
    "urlOriginal": "../Group 2/test image.jpg",
    "urlResolved": "/base/path/Cards/Group 2/test image.jpg",
  },
  {
    "file": "/base/path/Cards/Markdown/images.md",
    "type": "img",
    "urlOriginal": "../Group 2/test image.jpg",
    "urlResolved": "/base/path/Cards/Group 2/test image.jpg",
  },
  {
    "file": "/base/path/Cards/Markdown/images.md",
    "type": "img",
    "urlOriginal": "../Group 2/test image.jpg",
    "urlResolved": "/base/path/Cards/Group 2/test image.jpg",
  },
  {
    "file": "/base/path/Cards/Markdown/images.md",
    "type": "img",
    "urlOriginal": "../Group 2/test image.jpg",
    "urlResolved": "/base/path/Cards/Group 2/test image.jpg",
  },
  {
    "file": "/base/path/Cards/Markdown/images.md",
    "type": "img",
    "urlOriginal": "../Group 1/test image.jpg",
    "urlResolved": "/base/path/Cards/Group 1/test image.jpg",
  },
  {
    "file": "/base/path/Cards/Markdown/images.md",
    "type": "img",
    "urlOriginal": "../Group 1/test image.jpg",
    "urlResolved": "/base/path/Cards/Group 1/test image.jpg",
  },
  {
    "file": "/base/path/Cards/Markdown/images.md",
    "type": "img",
    "urlOriginal": "../Group 1/test image.jpg",
    "urlResolved": "/base/path/Cards/Group 1/test image.jpg",
  },
  {
    "file": "/base/path/Cards/Markdown/images.md",
    "type": "img",
    "urlOriginal": "../Group 1/test image.jpg",
    "urlResolved": "/base/path/Cards/Group 1/test image.jpg",
  },
  {
    "file": "/base/path/Cards/Markdown/images.md",
    "type": "img",
    "urlOriginal": "../Group 1/test image.jpg",
    "urlResolved": "/base/path/Cards/Group 1/test image.jpg",
  },
  {
    "file": "/base/path/Cards/Markdown/images.md",
    "type": "img",
    "urlOriginal": "../Group 1/test image.jpg",
    "urlResolved": "/base/path/Cards/Group 1/test image.jpg",
  },
  {
    "file": "/base/path/Cards/Markdown/images.md",
    "type": "img",
    "urlOriginal": "../Group 2/test image.jpg",
    "urlResolved": "/base/path/Cards/Group 2/test image.jpg",
  },
  {
    "file": "/base/path/Cards/Markdown/images.md",
    "type": "img",
    "urlOriginal": "../Group 2/test image.jpg",
    "urlResolved": "/base/path/Cards/Group 2/test image.jpg",
  },
  {
    "file": "/base/path/Cards/Markdown/images.md",
    "type": "img",
    "urlOriginal": "../Group 2/test image.jpg",
    "urlResolved": "/base/path/Cards/Group 2/test image.jpg",
  },
  {
    "file": "/base/path/Cards/Markdown/images.md",
    "type": "img",
    "urlOriginal": "../Group 2/test image.jpg",
    "urlResolved": "/base/path/Cards/Group 2/test image.jpg",
  },
  {
    "file": "/base/path/Cards/Markdown/images.md",
    "type": "img",
    "urlOriginal": "../Group 2/test image.jpg",
    "urlResolved": "/base/path/Cards/Group 2/test image.jpg",
  },
  {
    "file": "/base/path/Cards/Markdown/images.md",
    "type": "img",
    "urlOriginal": "../Group 2/test image.jpg",
    "urlResolved": "/base/path/Cards/Group 2/test image.jpg",
  },
  {
    "file": "/base/path/Cards/Markdown/images.md",
    "type": "img",
    "urlOriginal": "../Group 1/test image.jpg",
    "urlResolved": "/base/path/Cards/Group 1/test image.jpg",
  },
  {
    "file": "/base/path/Cards/Markdown/images.md",
    "type": "img",
    "urlOriginal": "../Group 1/test image.jpg",
    "urlResolved": "/base/path/Cards/Group 1/test image.jpg",
  },
  {
    "file": "/base/path/Cards/Markdown/images.md",
    "type": "img",
    "urlOriginal": "../Group 1/test image.jpg",
    "urlResolved": "/base/path/Cards/Group 1/test image.jpg",
  },
  {
    "file": "/base/path/Cards/Markdown/images.md",
    "type": "img",
    "urlOriginal": "../Group 1/test image.jpg",
    "urlResolved": "/base/path/Cards/Group 1/test image.jpg",
  },
  {
    "file": "/base/path/Cards/Markdown/images.md",
    "type": "img",
    "urlOriginal": "../Group 1/test image.jpg",
    "urlResolved": "/base/path/Cards/Group 1/test image.jpg",
  },
  {
    "file": "/base/path/Cards/Markdown/images.md",
    "type": "img",
    "urlOriginal": "../Group 1/test image.jpg",
    "urlResolved": "/base/path/Cards/Group 1/test image.jpg",
  },
  {
    "file": "/base/path/Cards/Markdown/images.md",
    "type": "img",
    "urlOriginal": "../Group 2/test image.jpg",
    "urlResolved": "/base/path/Cards/Group 2/test image.jpg",
  },
  {
    "file": "/base/path/Cards/Markdown/images.md",
    "type": "img",
    "urlOriginal": "../Group 2/test image.jpg",
    "urlResolved": "/base/path/Cards/Group 2/test image.jpg",
  },
  {
    "file": "/base/path/Cards/Markdown/images.md",
    "type": "img",
    "urlOriginal": "../Group 2/test image.jpg",
    "urlResolved": "/base/path/Cards/Group 2/test image.jpg",
  },
  {
    "file": "/base/path/Cards/Markdown/images.md",
    "type": "img",
    "urlOriginal": "../Group 2/test image.jpg",
    "urlResolved": "/base/path/Cards/Group 2/test image.jpg",
  },
  {
    "file": "/base/path/Cards/Markdown/images.md",
    "type": "img",
    "urlOriginal": "../Group 2/test image.jpg",
    "urlResolved": "/base/path/Cards/Group 2/test image.jpg",
  },
  {
    "file": "/base/path/Cards/Markdown/images.md",
    "type": "img",
    "urlOriginal": "../Group 2/test image.jpg",
    "urlResolved": "/base/path/Cards/Group 2/test image.jpg",
  },
  {
    "file": "/base/path/Cards/Markdown/images.md",
    "type": "img",
    "urlOriginal": "../../Assets/test image.jpg",
    "urlResolved": "/base/path/Assets/test image.jpg",
  },
  {
    "file": "/base/path/Cards/Markdown/images.md",
    "type": "img",
    "urlOriginal": "../../Assets/test image.jpg",
    "urlResolved": "/base/path/Assets/test image.jpg",
  },
  {
    "file": "/base/path/Cards/Markdown/images.md",
    "type": "img",
    "urlOriginal": "../../Assets/test image.jpg",
    "urlResolved": "/base/path/Assets/test image.jpg",
  },
  {
    "file": "/base/path/Cards/Markdown/images.md",
    "type": "img",
    "urlOriginal": "../../Assets/test image.jpg",
    "urlResolved": "/base/path/Assets/test image.jpg",
  },
  {
    "file": "/base/path/Cards/Markdown/images.md",
    "type": "img",
    "urlOriginal": "../../Assets/test image.jpg",
    "urlResolved": "/base/path/Assets/test image.jpg",
  },
  {
    "file": "/base/path/Cards/Markdown/images.md",
    "type": "img",
    "urlOriginal": "../../Assets/test image.jpg",
    "urlResolved": "/base/path/Assets/test image.jpg",
  },
  {
    "file": "/base/path/Cards/Markdown/images.md",
    "type": "img",
    "urlOriginal": "../../Assets/test image.jpg",
    "urlResolved": "/base/path/Assets/test image.jpg",
  },
  {
    "file": "/base/path/Cards/Markdown/images.md",
    "type": "img",
    "urlOriginal": "../../Assets/test image.jpg",
    "urlResolved": "/base/path/Assets/test image.jpg",
  },
  {
    "file": "/base/path/Cards/Markdown/images.md",
    "type": "img",
    "urlOriginal": "../../Assets/test image.jpg",
    "urlResolved": "/base/path/Assets/test image.jpg",
  },
  {
    "file": "/base/path/Cards/Markdown/images.md",
    "type": "img",
    "urlOriginal": "../../Assets/test image.jpg",
    "urlResolved": "/base/path/Assets/test image.jpg",
  },
  {
    "file": "/base/path/Cards/Markdown/images.md",
    "type": "img",
    "urlOriginal": "../../Assets/test image.jpg",
    "urlResolved": "/base/path/Assets/test image.jpg",
  },
  {
    "file": "/base/path/Cards/Markdown/images.md",
    "type": "img",
    "urlOriginal": "../../Assets/test image.jpg",
    "urlResolved": "/base/path/Assets/test image.jpg",
  },
  {
    "file": "/base/path/Cards/Markdown/images.md",
    "type": "img",
    "urlOriginal": "../../Assets/test image.jpg",
    "urlResolved": "/base/path/Assets/test image.jpg",
  },
  {
    "file": "/base/path/Cards/Markdown/images.md",
    "type": "img",
    "urlOriginal": "../../Assets/test image.jpg",
    "urlResolved": "/base/path/Assets/test image.jpg",
  },
  {
    "file": "/base/path/Cards/Markdown/images.md",
    "type": "img",
    "urlOriginal": "../../Assets/test image.jpg",
    "urlResolved": "/base/path/Assets/test image.jpg",
  },
  {
    "file": "/base/path/Cards/Markdown/images.md",
    "type": "img",
    "urlOriginal": "../Group 1/test image.jpg",
    "urlResolved": "/base/path/Cards/Group 1/test image.jpg",
  },
  {
    "file": "/base/path/Cards/Markdown/images.md",
    "type": "img",
    "urlOriginal": "../Group 1/test image.jpg",
    "urlResolved": "/base/path/Cards/Group 1/test image.jpg",
  },
  {
    "file": "/base/path/Cards/Markdown/images.md",
    "type": "img",
    "urlOriginal": "../Group 1/test image.jpg",
    "urlResolved": "/base/path/Cards/Group 1/test image.jpg",
  },
  {
    "file": "/base/path/Cards/Markdown/images.md",
    "type": "img",
    "urlOriginal": "../Group 1/test image.jpg",
    "urlResolved": "/base/path/Cards/Group 1/test image.jpg",
  },
  {
    "file": "/base/path/Cards/Markdown/images.md",
    "type": "img",
    "urlOriginal": "../Group 1/test image.jpg",
    "urlResolved": "/base/path/Cards/Group 1/test image.jpg",
  },
  {
    "file": "/base/path/Cards/Markdown/images.md",
    "type": "img",
    "urlOriginal": "../Group 1/test image.jpg",
    "urlResolved": "/base/path/Cards/Group 1/test image.jpg",
  },
  {
    "file": "/base/path/Cards/Markdown/images.md",
    "type": "img",
    "urlOriginal": "../Group 1/test image.jpg",
    "urlResolved": "/base/path/Cards/Group 1/test image.jpg",
  },
  {
    "file": "/base/path/Cards/Markdown/images.md",
    "type": "img",
    "urlOriginal": "../Group 1/test image.jpg",
    "urlResolved": "/base/path/Cards/Group 1/test image.jpg",
  },
  {
    "file": "/base/path/Cards/Markdown/images.md",
    "type": "img",
    "urlOriginal": "../Group 1/test image.jpg",
    "urlResolved": "/base/path/Cards/Group 1/test image.jpg",
  },
  {
    "file": "/base/path/Cards/Markdown/images.md",
    "type": "img",
    "urlOriginal": "../Group 1/test image.jpg",
    "urlResolved": "/base/path/Cards/Group 1/test image.jpg",
  },
  {
    "file": "/base/path/Cards/Markdown/images.md",
    "type": "img",
    "urlOriginal": "../Group 1/test image.jpg",
    "urlResolved": "/base/path/Cards/Group 1/test image.jpg",
  },
  {
    "file": "/base/path/Cards/Markdown/images.md",
    "type": "img",
    "urlOriginal": "../Group 1/test image.jpg",
    "urlResolved": "/base/path/Cards/Group 1/test image.jpg",
  },
  {
    "file": "/base/path/Cards/Markdown/images.md",
    "type": "img",
    "urlOriginal": "../Group 1/test image.jpg",
    "urlResolved": "/base/path/Cards/Group 1/test image.jpg",
  },
  {
    "file": "/base/path/Cards/Markdown/images.md",
    "type": "img",
    "urlOriginal": "../Group 1/test image.jpg",
    "urlResolved": "/base/path/Cards/Group 1/test image.jpg",
  },
  {
    "file": "/base/path/Cards/Markdown/images.md",
    "type": "img",
    "urlOriginal": "../Group 1/test image.jpg",
    "urlResolved": "/base/path/Cards/Group 1/test image.jpg",
  },
  {
    "file": "/base/path/Cards/Markdown/images.md",
    "type": "img",
    "urlOriginal": "../Group 1/test image.jpg",
    "urlResolved": "/base/path/Cards/Group 1/test image.jpg",
  },
  {
    "file": "/base/path/Cards/Markdown/images.md",
    "type": "img",
    "urlOriginal": "../Group 1/test image.jpg",
    "urlResolved": "/base/path/Cards/Group 1/test image.jpg",
  },
  {
    "file": "/base/path/Cards/Markdown/images.md",
    "type": "img",
    "urlOriginal": "../Group 1/test image.jpg",
    "urlResolved": "/base/path/Cards/Group 1/test image.jpg",
  },
  {
    "file": "/base/path/Cards/Markdown/images.md",
    "type": "img",
    "urlOriginal": "../Group 1/test image.jpg",
    "urlResolved": "/base/path/Cards/Group 1/test image.jpg",
  },
  {
    "file": "/base/path/Cards/Markdown/images.md",
    "type": "img",
    "urlOriginal": "../Group 1/test image.jpg",
    "urlResolved": "/base/path/Cards/Group 1/test image.jpg",
  },
  {
    "file": "/base/path/Cards/Markdown/images.md",
    "type": "img",
    "urlOriginal": "../Group 1/test image.jpg",
    "urlResolved": "/base/path/Cards/Group 1/test image.jpg",
  },
  {
    "file": "/base/path/Cards/Markdown/images.md",
    "type": "img",
    "urlOriginal": "../Group 1/test image.jpg",
    "urlResolved": "/base/path/Cards/Group 1/test image.jpg",
  },
  {
    "file": "/base/path/Cards/Markdown/images.md",
    "type": "img",
    "urlOriginal": "../Group 1/test image.jpg",
    "urlResolved": "/base/path/Cards/Group 1/test image.jpg",
  },
  {
    "file": "/base/path/Cards/Markdown/images.md",
    "type": "img",
    "urlOriginal": "../Group 1/test image.jpg",
    "urlResolved": "/base/path/Cards/Group 1/test image.jpg",
  },
  {
    "file": "/base/path/Cards/Markdown/images.md",
    "type": "img",
    "urlOriginal": "../Group 1/test image.jpg",
    "urlResolved": "/base/path/Cards/Group 1/test image.jpg",
  },
  {
    "file": "/base/path/Cards/Markdown/images.md",
    "type": "img",
    "urlOriginal": "../Group 1/test image.jpg",
    "urlResolved": "/base/path/Cards/Group 1/test image.jpg",
  },
  {
    "file": "/base/path/Cards/Markdown/images.md",
    "type": "img",
    "urlOriginal": "../Group 1/test image.jpg",
    "urlResolved": "/base/path/Cards/Group 1/test image.jpg",
  },
  {
    "file": "/base/path/Cards/Markdown/images.md",
    "type": "img",
    "urlOriginal": "../Group 1/test image.jpg",
    "urlResolved": "/base/path/Cards/Group 1/test image.jpg",
  },
  {
    "file": "/base/path/Cards/Markdown/images.md",
    "type": "img",
    "urlOriginal": "../Group 1/test image.jpg",
    "urlResolved": "/base/path/Cards/Group 1/test image.jpg",
  },
  {
    "file": "/base/path/Cards/Markdown/images.md",
    "type": "img",
    "urlOriginal": "../Group 1/test image.jpg",
    "urlResolved": "/base/path/Cards/Group 1/test image.jpg",
  },
  {
    "file": "/base/path/Cards/Markdown/images.md",
    "type": "img",
    "urlOriginal": "../Group 1/test image.jpg",
    "urlResolved": "/base/path/Cards/Group 1/test image.jpg",
  },
  {
    "file": "/base/path/Cards/Markdown/images.md",
    "type": "img",
    "urlOriginal": "../Group 1/test image.jpg",
    "urlResolved": "/base/path/Cards/Group 1/test image.jpg",
  },
  {
    "file": "/base/path/Cards/Markdown/images.md",
    "type": "img",
    "urlOriginal": "../Group 1/test image.jpg",
    "urlResolved": "/base/path/Cards/Group 1/test image.jpg",
  },
  {
    "file": "/base/path/Cards/Markdown/images.md",
    "type": "img",
    "urlOriginal": "../Group 1/test image.jpg",
    "urlResolved": "/base/path/Cards/Group 1/test image.jpg",
  },
  {
    "file": "/base/path/Cards/Markdown/images.md",
    "type": "img",
    "urlOriginal": "../Group 1/test image.jpg",
    "urlResolved": "/base/path/Cards/Group 1/test image.jpg",
  },
  {
    "file": "/base/path/Cards/Markdown/images.md",
    "type": "img",
    "urlOriginal": "../Group 1/test image.jpg",
    "urlResolved": "/base/path/Cards/Group 1/test image.jpg",
  },
  {
    "file": "/base/path/Cards/Markdown/images.md",
    "type": "img",
    "urlOriginal": "https://storage.kitschpatrol.com/example-image-1.jpeg",
    "urlResolved": "https://storage.kitschpatrol.com/example-image-1.jpeg",
  },
  {
    "file": "/base/path/Cards/Markdown/images.md",
    "type": "img",
    "urlOriginal": "https://storage.kitschpatrol.com/example-image-1.jpeg",
    "urlResolved": "https://storage.kitschpatrol.com/example-image-1.jpeg",
  },
  {
    "file": "/base/path/Cards/Markdown/images.md",
    "type": "img",
    "urlOriginal": "https://storage.kitschpatrol.com/example-image-1.jpeg",
    "urlResolved": "https://storage.kitschpatrol.com/example-image-1.jpeg",
  },
  {
    "file": "/base/path/Cards/Markdown/images.md",
    "type": "img",
    "urlOriginal": "https://storage.kitschpatrol.com/example-image-1.jpeg",
    "urlResolved": "https://storage.kitschpatrol.com/example-image-1.jpeg",
  },
  {
    "file": "/base/path/Cards/Markdown/images.md",
    "type": "img",
    "urlOriginal": "https://storage.kitschpatrol.com/example-image-1.jpeg",
    "urlResolved": "https://storage.kitschpatrol.com/example-image-1.jpeg",
  },
  {
    "file": "/base/path/Cards/Markdown/images.md",
    "type": "img",
    "urlOriginal": "https://storage.kitschpatrol.com/example-image-1.jpeg",
    "urlResolved": "https://storage.kitschpatrol.com/example-image-1.jpeg",
  },
  {
    "file": "/base/path/Cards/Markdown/images.md",
    "type": "img",
    "urlOriginal": "https://storage.kitschpatrol.com/example-image-1.jpeg",
    "urlResolved": "https://storage.kitschpatrol.com/example-image-1.jpeg",
  },
  {
    "file": "/base/path/Cards/Markdown/images.md",
    "type": "img",
    "urlOriginal": "https://storage.kitschpatrol.com/example-image-1.jpeg",
    "urlResolved": "https://storage.kitschpatrol.com/example-image-1.jpeg",
  },
  {
    "file": "/base/path/Cards/Markdown/images.md",
    "type": "img",
    "urlOriginal": "https://storage.kitschpatrol.com/example-image-1.jpeg",
    "urlResolved": "https://storage.kitschpatrol.com/example-image-1.jpeg",
  },
  {
    "file": "/base/path/Cards/Markdown/tables.md",
    "type": "img",
    "urlOriginal": "../../Assets/test image.jpg",
    "urlResolved": "/base/path/Assets/test image.jpg",
  },
  {
    "file": "/base/path/Cards/Markdown/video.md",
    "type": "media",
    "urlOriginal": "[sound:../../Assets/yanki video.mp4]",
    "urlResolved": "[sound:/base/path/Assets/yanki video.mp4]",
  },
  {
    "file": "/base/path/Cards/Markdown/video.md",
    "type": "media",
    "urlOriginal": "[sound:../../Assets/yanki video.mp4]",
    "urlResolved": "[sound:/base/path/Assets/yanki video.mp4]",
  },
  {
    "file": "/base/path/Cards/Markdown/video.md",
    "type": "media",
    "urlOriginal": "[sound:../../Assets/yanki video.mp4]",
    "urlResolved": "[sound:/base/path/Assets/yanki video.mp4]",
  },
  {
    "file": "/base/path/Cards/Markdown/video.md",
    "type": "media",
    "urlOriginal": "[sound:../../Assets/yanki video.mp4]",
    "urlResolved": "[sound:/base/path/Assets/yanki video.mp4]",
  },
  {
    "file": "/base/path/Cards/Markdown/video.md",
    "type": "media",
    "urlOriginal": "[sound:../../Assets/yanki video.mp4]",
    "urlResolved": "[sound:/base/path/Assets/yanki video.mp4]",
  },
  {
    "file": "/base/path/Cards/Markdown/video.md",
    "type": "media",
    "urlOriginal": "[sound:../../Assets/yanki video.mp4]",
    "urlResolved": "[sound:/base/path/Assets/yanki video.mp4]",
  },
  {
    "file": "/base/path/Cards/Markdown/video.md",
    "type": "media",
    "urlOriginal": "[sound:../../Assets/yanki video.mp4]",
    "urlResolved": "[sound:/base/path/Assets/yanki video.mp4]",
  },
  {
    "file": "/base/path/Cards/Markdown/video.md",
    "type": "media",
    "urlOriginal": "[sound:../../Assets/yanki video.mp4]",
    "urlResolved": "[sound:/base/path/Assets/yanki video.mp4]",
  },
  {
    "file": "/base/path/Cards/Markdown/video.md",
    "type": "media",
    "urlOriginal": "[sound:../../Assets/yanki video.mp4]",
    "urlResolved": "[sound:/base/path/Assets/yanki video.mp4]",
  },
  {
    "file": "/base/path/Cards/Markdown/video.md",
    "type": "media",
    "urlOriginal": "[sound:../../Assets/yanki video.mp4]",
    "urlResolved": "[sound:/base/path/Assets/yanki video.mp4]",
  },
  {
    "file": "/base/path/Cards/Markdown/video.md",
    "type": "media",
    "urlOriginal": "[sound:../../Assets/yanki video.mp4]",
    "urlResolved": "[sound:/base/path/Assets/yanki video.mp4]",
  },
  {
    "file": "/base/path/Cards/Markdown/video.md",
    "type": "media",
    "urlOriginal": "[sound:../../Assets/yanki video.mp4]",
    "urlResolved": "[sound:/base/path/Assets/yanki video.mp4]",
  },
  {
    "file": "/base/path/Cards/Markdown/video.md",
    "type": "media",
    "urlOriginal": "[sound:../../Assets/yanki video.mp4]",
    "urlResolved": "[sound:/base/path/Assets/yanki video.mp4]",
  },
  {
    "file": "/base/path/Cards/Markdown/video.md",
    "type": "media",
    "urlOriginal": "[sound:../../Assets/yanki video.mp4]",
    "urlResolved": "[sound:/base/path/Assets/yanki video.mp4]",
  },
  {
    "file": "/base/path/Cards/Markdown/video.md",
    "type": "media",
    "urlOriginal": "[sound:../../Assets/yanki video.mp4]",
    "urlResolved": "[sound:/base/path/Assets/yanki video.mp4]",
  },
  {
    "file": "/base/path/Cards/Markdown/video.md",
    "type": "media",
    "urlOriginal": "[sound:../../Assets/yanki video.mp4]",
    "urlResolved": "[sound:/base/path/Assets/yanki video.mp4]",
  },
  {
    "file": "/base/path/Cards/Markdown/video.md",
    "type": "media",
    "urlOriginal": "[sound:../../Assets/yanki video.mp4]",
    "urlResolved": "[sound:/base/path/Assets/yanki video.mp4]",
  },
  {
    "file": "/base/path/Cards/Markdown/video.md",
    "type": "media",
    "urlOriginal": "[sound:../../Assets/yanki video.mp4]",
    "urlResolved": "[sound:/base/path/Assets/yanki video.mp4]",
  },
  {
    "file": "/base/path/Cards/Markdown/video.md",
    "type": "media",
    "urlOriginal": "[sound:../../Assets/yanki video.mp4]",
    "urlResolved": "[sound:/base/path/Assets/yanki video.mp4]",
  },
  {
    "file": "/base/path/Cards/Markdown/video.md",
    "type": "media",
    "urlOriginal": "[sound:../../Assets/yanki video.mp4]",
    "urlResolved": "[sound:/base/path/Assets/yanki video.mp4]",
  },
  {
    "file": "/base/path/Cards/Markdown/video.md",
    "type": "media",
    "urlOriginal": "[sound:../../Assets/yanki video.mp4]",
    "urlResolved": "[sound:/base/path/Assets/yanki video.mp4]",
  },
  {
    "file": "/base/path/Cards/Markdown/video.md",
    "type": "media",
    "urlOriginal": "[sound:../../Assets/yanki video.mp4]",
    "urlResolved": "[sound:/base/path/Assets/yanki video.mp4]",
  },
  {
    "file": "/base/path/Cards/Markdown/video.md",
    "type": "media",
    "urlOriginal": "[sound:../../Assets/yanki video.mp4]",
    "urlResolved": "[sound:/base/path/Assets/yanki video.mp4]",
  },
  {
    "file": "/base/path/Cards/Markdown/video.md",
    "type": "media",
    "urlOriginal": "[sound:../../Assets/yanki video.mp4]",
    "urlResolved": "[sound:/base/path/Assets/yanki video.mp4]",
  },
]
`;
